Archive member included to satisfy reference by file (symbol)

d:/dev/arm102~1.10/bin/../lib/gcc/arm-none-eabi/10.3.1/thumb/v6-m/nofp\libgcc.a(_dvmd_tls.o)
                              CMakeFiles/traffic_light_controller.dir/D_/dev/pico-sdk/src/rp2_common/pico_divider/divider.S.obj (__aeabi_idiv0)
d:/dev/arm102~1.10/bin/../lib/gcc/arm-none-eabi/10.3.1/../../../../arm-none-eabi/lib/thumb/v6-m/nofp\libc.a(lib_a-calloc.o)
                              CMakeFiles/traffic_light_controller.dir/D_/dev/pico-sdk/src/rp2_common/pico_malloc/pico_malloc.c.obj (calloc)
d:/dev/arm102~1.10/bin/../lib/gcc/arm-none-eabi/10.3.1/../../../../arm-none-eabi/lib/thumb/v6-m/nofp\libc.a(lib_a-callocr.o)
                              d:/dev/arm102~1.10/bin/../lib/gcc/arm-none-eabi/10.3.1/../../../../arm-none-eabi/lib/thumb/v6-m/nofp\libc.a(lib_a-calloc.o) (_calloc_r)
d:/dev/arm102~1.10/bin/../lib/gcc/arm-none-eabi/10.3.1/../../../../arm-none-eabi/lib/thumb/v6-m/nofp\libc.a(lib_a-errno.o)
                              d:/dev/arm102~1.10/bin/../lib/gcc/arm-none-eabi/10.3.1/../../../../arm-none-eabi/lib/thumb/v6-m/nofp\libc.a(lib_a-callocr.o) (__errno)
d:/dev/arm102~1.10/bin/../lib/gcc/arm-none-eabi/10.3.1/../../../../arm-none-eabi/lib/thumb/v6-m/nofp\libc.a(lib_a-impure.o)
                              d:/dev/arm102~1.10/bin/../lib/gcc/arm-none-eabi/10.3.1/../../../../arm-none-eabi/lib/thumb/v6-m/nofp\libc.a(lib_a-calloc.o) (_impure_ptr)
d:/dev/arm102~1.10/bin/../lib/gcc/arm-none-eabi/10.3.1/../../../../arm-none-eabi/lib/thumb/v6-m/nofp\libc.a(lib_a-init.o)
                              d:/dev/arm102~1.10/bin/../lib/gcc/arm-none-eabi/10.3.1/../../../../arm-none-eabi/lib/thumb/v6-m/nofp/crt0.o (__libc_init_array)
d:/dev/arm102~1.10/bin/../lib/gcc/arm-none-eabi/10.3.1/../../../../arm-none-eabi/lib/thumb/v6-m/nofp\libc.a(lib_a-malloc.o)
                              CMakeFiles/traffic_light_controller.dir/D_/dev/pico-sdk/src/rp2_common/pico_malloc/pico_malloc.c.obj (malloc)
d:/dev/arm102~1.10/bin/../lib/gcc/arm-none-eabi/10.3.1/../../../../arm-none-eabi/lib/thumb/v6-m/nofp\libc.a(lib_a-mallocr.o)
                              d:/dev/arm102~1.10/bin/../lib/gcc/arm-none-eabi/10.3.1/../../../../arm-none-eabi/lib/thumb/v6-m/nofp\libc.a(lib_a-callocr.o) (_malloc_r)
d:/dev/arm102~1.10/bin/../lib/gcc/arm-none-eabi/10.3.1/../../../../arm-none-eabi/lib/thumb/v6-m/nofp\libc.a(lib_a-mlock.o)
                              d:/dev/arm102~1.10/bin/../lib/gcc/arm-none-eabi/10.3.1/../../../../arm-none-eabi/lib/thumb/v6-m/nofp\libc.a(lib_a-mallocr.o) (__malloc_lock)
d:/dev/arm102~1.10/bin/../lib/gcc/arm-none-eabi/10.3.1/../../../../arm-none-eabi/lib/thumb/v6-m/nofp\libc.a(lib_a-realloc.o)
                              CMakeFiles/traffic_light_controller.dir/D_/dev/pico-sdk/src/rp2_common/pico_malloc/pico_malloc.c.obj (realloc)
d:/dev/arm102~1.10/bin/../lib/gcc/arm-none-eabi/10.3.1/../../../../arm-none-eabi/lib/thumb/v6-m/nofp\libc.a(lib_a-reallocr.o)
                              d:/dev/arm102~1.10/bin/../lib/gcc/arm-none-eabi/10.3.1/../../../../arm-none-eabi/lib/thumb/v6-m/nofp\libc.a(lib_a-realloc.o) (_realloc_r)
d:/dev/arm102~1.10/bin/../lib/gcc/arm-none-eabi/10.3.1/../../../../arm-none-eabi/lib/thumb/v6-m/nofp\libc.a(lib_a-sbrkr.o)
                              d:/dev/arm102~1.10/bin/../lib/gcc/arm-none-eabi/10.3.1/../../../../arm-none-eabi/lib/thumb/v6-m/nofp\libc.a(lib_a-mallocr.o) (_sbrk_r)
d:/dev/arm102~1.10/bin/../lib/gcc/arm-none-eabi/10.3.1/../../../../arm-none-eabi/lib/thumb/v6-m/nofp\libc.a(lib_a-strlen-stub.o)
                              CMakeFiles/traffic_light_controller.dir/D_/dev/pico-sdk/src/rp2_common/pico_stdio/stdio.c.obj (strlen)
d:/dev/arm102~1.10/bin/../lib/gcc/arm-none-eabi/10.3.1/../../../../arm-none-eabi/lib/thumb/v6-m/nofp\libc.a(lib_a-freer.o)
                              d:/dev/arm102~1.10/bin/../lib/gcc/arm-none-eabi/10.3.1/../../../../arm-none-eabi/lib/thumb/v6-m/nofp\libc.a(lib_a-malloc.o) (_free_r)
d:/dev/arm102~1.10/bin/../lib/gcc/arm-none-eabi/10.3.1/../../../../arm-none-eabi/lib/thumb/v6-m/nofp\libc.a(lib_a-lock.o)
                              d:/dev/arm102~1.10/bin/../lib/gcc/arm-none-eabi/10.3.1/../../../../arm-none-eabi/lib/thumb/v6-m/nofp\libc.a(lib_a-mlock.o) (__retarget_lock_acquire_recursive)
d:/dev/arm102~1.10/bin/../lib/gcc/arm-none-eabi/10.3.1/../../../../arm-none-eabi/lib/thumb/v6-m/nofp\libc.a(lib_a-memmove.o)
                              d:/dev/arm102~1.10/bin/../lib/gcc/arm-none-eabi/10.3.1/../../../../arm-none-eabi/lib/thumb/v6-m/nofp\libc.a(lib_a-reallocr.o) (memmove)
d:/dev/arm102~1.10/bin/../lib/gcc/arm-none-eabi/10.3.1/../../../../arm-none-eabi/lib/thumb/v6-m/nofp\libc.a(lib_a-reent.o)
                              d:/dev/arm102~1.10/bin/../lib/gcc/arm-none-eabi/10.3.1/../../../../arm-none-eabi/lib/thumb/v6-m/nofp\libc.a(lib_a-sbrkr.o) (errno)

Discarded input sections

 .text          0x00000000        0x0 d:/dev/arm102~1.10/bin/../lib/gcc/arm-none-eabi/10.3.1/thumb/v6-m/nofp/crti.o
[...]
Memory Configuration

Name             Origin             Length             Attributes
FLASH            0x10000000         0x00200000         xr
RAM              0x20000000         0x00040000         xrw
SCRATCH_X        0x20040000         0x00001000         xrw
SCRATCH_Y        0x20041000         0x00001000         xrw
*default*        0x00000000         0xffffffff

Linker script and memory map

LOAD d:/dev/arm102~1.10/bin/../lib/gcc/arm-none-eabi/10.3.1/thumb/v6-m/nofp/crti.o
LOAD d:/dev/arm102~1.10/bin/../lib/gcc/arm-none-eabi/10.3.1/thumb/v6-m/nofp/crtbegin.o
LOAD d:/dev/arm102~1.10/bin/../lib/gcc/arm-none-eabi/10.3.1/../../../../arm-none-eabi/lib/thumb/v6-m/nofp/crt0.o

.flash_begin    0x10000000        0x0
                0x10000000                __flash_binary_start = .

.boot2          0x10000000      0x100
                0x10000000                __boot2_start__ = .
 *(.boot2)
 .boot2         0x10000000      0x100 C:\Users\xanda\AppData\Local\Temp\cclLXTzi.o
                0x10000100                __boot2_end__ = .
                0x00000001                ASSERT (((__boot2_end__ - __boot2_start__) == 0x100), ERROR: Pico second stage bootloader must be 256 bytes in size)

.text           0x10000100     0x24b8
                0x10000100                __logical_binary_start = .
 *(.vectors)
 .vectors       0x10000100       0xd4 CMakeFiles/traffic_light_controller.dir/D_/dev/pico-sdk/src/rp2_common/pico_standard_link/crt0.S.obj
                0x10000100                __VECTOR_TABLE
                0x10000100                __vectors
                0x100001c0                isr_invalid
                0x100001c0                __default_isrs_start
                0x100001c2                isr_nmi
                0x100001c4                isr_hardfault
                0x100001c6                isr_svcall
                0x100001c8                isr_pendsv
                0x100001ca                isr_systick
                0x100001cc                isr_irq23
                0x100001cc                isr_irq18
                0x100001cc                isr_irq11
                0x100001cc                isr_irq28
                0x100001cc                isr_irq19
                0x100001cc                isr_irq0
                0x100001cc                isr_irq6
                0x100001cc                isr_irq5
                0x100001cc                isr_irq12
                0x100001cc                isr_irq22
                0x100001cc                isr_irq31
                0x100001cc                isr_irq17
                0x100001cc                isr_irq27
                0x100001cc                isr_irq30
                0x100001cc                isr_irq2
                0x100001cc                isr_irq10
                0x100001cc                isr_irq8
                0x100001cc                isr_irq24
                0x100001cc                isr_irq1
                0x100001cc                isr_irq7
                0x100001cc                isr_irq21
                0x100001cc                isr_irq20
                0x100001cc                isr_irq15
                0x100001cc                isr_irq25
                0x100001cc                isr_irq13
                0x100001cc                __unhandled_user_irq
                0x100001cc                isr_irq4
                0x100001cc                isr_irq16
                0x100001cc                isr_irq29
                0x100001cc                isr_irq26
                0x100001cc                __default_isrs_end
                0x100001cc                isr_irq3
                0x100001cc                isr_irq14
                0x100001cc                isr_irq9
                0x100001d2                unhandled_user_irq_num_in_r0
 *(.binary_info_header)
 .binary_info_header
                0x100001d4       0x14 CMakeFiles/traffic_light_controller.dir/D_/dev/pico-sdk/src/rp2_common/pico_standard_link/crt0.S.obj
                0x100001e8                __binary_info_header_end = .
 *(.reset)
 .reset         0x100001e8       0xa0 CMakeFiles/traffic_light_controller.dir/D_/dev/pico-sdk/src/rp2_common/pico_standard_link/crt0.S.obj
                0x100001e8                _entry_point
 .reset         0x10000288       0x30 CMakeFiles/traffic_light_controller.dir/D_/dev/pico-sdk/src/rp2_common/pico_standard_link/binary_info.c.obj
 *(.init)
 .init          0x100002b8        0x4 d:/dev/arm102~1.10/bin/../lib/gcc/arm-none-eabi/10.3.1/thumb/v6-m/nofp/crti.o
                0x100002b8                _init
 *(EXCLUDE_FILE(*libm.a: *libc.a:*lib_a-mem*.o *libgcc.a:) .text*)
 .text          0x100002bc       0x48 d:/dev/arm102~1.10/bin/../lib/gcc/arm-none-eabi/10.3.1/thumb/v6-m/nofp/crtbegin.o
 .text.ir_rx_init
                0x10000304      0x130 CMakeFiles/traffic_light_controller.dir/traffic_light_controller.c.obj
                0x10000304                ir_rx_init
 .text.light_tx_init
                0x10000434       0xf4 CMakeFiles/traffic_light_controller.dir/traffic_light_controller.c.obj
                0x10000434                light_tx_init
 .text.startup.main
                0x10000528       0xb4 CMakeFiles/traffic_light_controller.dir/traffic_light_controller.c.obj
                0x10000528                main
 .text.gpio_set_function
                0x100005dc       0x30 CMakeFiles/traffic_light_controller.dir/D_/dev/pico-sdk/src/rp2_common/hardware_gpio/gpio.c.obj
                0x100005dc                gpio_set_function
 .text.gpio_set_pulls
                0x1000060c       0x30 CMakeFiles/traffic_light_controller.dir/D_/dev/pico-sdk/src/rp2_common/hardware_gpio/gpio.c.obj
                0x1000060c                gpio_set_pulls
 .text.running_on_fpga
                0x1000063c       0x10 CMakeFiles/traffic_light_controller.dir/D_/dev/pico-sdk/src/rp2_common/pico_platform/platform.c.obj
                0x1000063c                running_on_fpga
 .text.hw_claim_lock
                0x1000064c       0x18 CMakeFiles/traffic_light_controller.dir/D_/dev/pico-sdk/src/rp2_common/hardware_claim/claim.c.obj
                0x1000064c                hw_claim_lock
 .text.hw_claim_unlock
                0x10000664       0x14 CMakeFiles/traffic_light_controller.dir/D_/dev/pico-sdk/src/rp2_common/hardware_claim/claim.c.obj
                0x10000664                hw_claim_unlock
 .text.hw_claim_or_assert
                0x10000678       0x44 CMakeFiles/traffic_light_controller.dir/D_/dev/pico-sdk/src/rp2_common/hardware_claim/claim.c.obj
                0x10000678                hw_claim_or_assert
 .text.hw_claim_unused_from_range
                0x100006bc       0x9c CMakeFiles/traffic_light_controller.dir/D_/dev/pico-sdk/src/rp2_common/hardware_claim/claim.c.obj
                0x100006bc                hw_claim_unused_from_range
 .text.spin_locks_reset
                0x10000758       0x1c CMakeFiles/traffic_light_controller.dir/D_/dev/pico-sdk/src/rp2_common/hardware_sync/sync.c.obj
                0x10000758                spin_locks_reset
 .text.next_striped_spin_lock_num
                0x10000774       0x18 CMakeFiles/traffic_light_controller.dir/D_/dev/pico-sdk/src/rp2_common/hardware_sync/sync.c.obj
                0x10000774                next_striped_spin_lock_num
 .text.irq_set_enabled
                0x1000078c       0x24 CMakeFiles/traffic_light_controller.dir/D_/dev/pico-sdk/src/rp2_common/hardware_irq/irq.c.obj
                0x1000078c                irq_set_enabled
 .text.irq_get_vtable_handler
                0x100007b0       0x10 CMakeFiles/traffic_light_controller.dir/D_/dev/pico-sdk/src/rp2_common/hardware_irq/irq.c.obj
                0x100007b0                irq_get_vtable_handler
 .text.irq_set_exclusive_handler
                0x100007c0       0x54 CMakeFiles/traffic_light_controller.dir/D_/dev/pico-sdk/src/rp2_common/hardware_irq/irq.c.obj
                0x100007c0                irq_set_exclusive_handler
 .text.irq_remove_handler
                0x10000814      0x1b0 CMakeFiles/traffic_light_controller.dir/D_/dev/pico-sdk/src/rp2_common/hardware_irq/irq.c.obj
                0x10000814                irq_remove_handler
 .text.irq_add_tail_to_free_list
                0x100009c4       0xb4 CMakeFiles/traffic_light_controller.dir/D_/dev/pico-sdk/src/rp2_common/hardware_irq/irq.c.obj
                0x100009c4                irq_add_tail_to_free_list
 .text.irq_init_priorities
                0x10000a78       0x24 CMakeFiles/traffic_light_controller.dir/D_/dev/pico-sdk/src/rp2_common/hardware_irq/irq.c.obj
                0x10000a78                irq_init_priorities
 .text.lock_init
                0x10000a9c       0x10 CMakeFiles/traffic_light_controller.dir/D_/dev/pico-sdk/src/common/pico_sync/lock_core.c.obj
                0x10000a9c                lock_init
 .text.mutex_init
                0x10000aac       0x1c CMakeFiles/traffic_light_controller.dir/D_/dev/pico-sdk/src/common/pico_sync/mutex.c.obj
                0x10000aac                mutex_init
 .text.recursive_mutex_init
                0x10000ac8       0x1c CMakeFiles/traffic_light_controller.dir/D_/dev/pico-sdk/src/common/pico_sync/mutex.c.obj
                0x10000ac8                recursive_mutex_init
 .text.timer_pool_entry_comparator
                0x10000ae4       0x34 CMakeFiles/traffic_light_controller.dir/D_/dev/pico-sdk/src/common/pico_time/time.c.obj
                0x10000ae4                timer_pool_entry_comparator
 .text.sleep_until_callback
                0x10000b18       0x30 CMakeFiles/traffic_light_controller.dir/D_/dev/pico-sdk/src/common/pico_time/time.c.obj
 .text.add_alarm_under_lock.isra.0
                0x10000b48      0x100 CMakeFiles/traffic_light_controller.dir/D_/dev/pico-sdk/src/common/pico_time/time.c.obj
 .text.alarm_pool_alarm_callback
                0x10000c48      0x1bc CMakeFiles/traffic_light_controller.dir/D_/dev/pico-sdk/src/common/pico_time/time.c.obj
 .text.alarm_pool_init_default
                0x10000e04       0x6c CMakeFiles/traffic_light_controller.dir/D_/dev/pico-sdk/src/common/pico_time/time.c.obj
                0x10000e04                alarm_pool_init_default
 .text.alarm_pool_add_alarm_at
                0x10000e70      0x178 CMakeFiles/traffic_light_controller.dir/D_/dev/pico-sdk/src/common/pico_time/time.c.obj
                0x10000e70                alarm_pool_add_alarm_at
 .text.best_effort_wfe_or_timeout
                0x10000fe8       0xd4 CMakeFiles/traffic_light_controller.dir/D_/dev/pico-sdk/src/common/pico_time/time.c.obj
                0x10000fe8                best_effort_wfe_or_timeout
 .text.hardware_alarm_irq_handler
                0x100010bc       0xbc CMakeFiles/traffic_light_controller.dir/D_/dev/pico-sdk/src/rp2_common/hardware_timer/timer.c.obj
 .text.hardware_alarm_claim
                0x10001178       0x18 CMakeFiles/traffic_light_controller.dir/D_/dev/pico-sdk/src/rp2_common/hardware_timer/timer.c.obj
                0x10001178                hardware_alarm_claim
 .text.time_us_64
                0x10001190       0x14 CMakeFiles/traffic_light_controller.dir/D_/dev/pico-sdk/src/rp2_common/hardware_timer/timer.c.obj
                0x10001190                time_us_64
 .text.hardware_alarm_set_callback
                0x100011a4       0x8c CMakeFiles/traffic_light_controller.dir/D_/dev/pico-sdk/src/rp2_common/hardware_timer/timer.c.obj
                0x100011a4                hardware_alarm_set_callback
 .text.hardware_alarm_set_target
                0x10001230       0xd4 CMakeFiles/traffic_light_controller.dir/D_/dev/pico-sdk/src/rp2_common/hardware_timer/timer.c.obj
                0x10001230                hardware_alarm_set_target
 .text.hardware_alarm_cancel
                0x10001304       0x3c CMakeFiles/traffic_light_controller.dir/D_/dev/pico-sdk/src/rp2_common/hardware_timer/timer.c.obj
                0x10001304                hardware_alarm_cancel
 .text.ph_merge_nodes
                0x10001340       0x68 CMakeFiles/traffic_light_controller.dir/D_/dev/pico-sdk/src/common/pico_util/pheap.c.obj
 .text.ph_post_alloc_init
                0x100013a8       0x3c CMakeFiles/traffic_light_controller.dir/D_/dev/pico-sdk/src/common/pico_util/pheap.c.obj
                0x100013a8                ph_post_alloc_init
 .text.ph_merge_two_pass
                0x100013e4       0x90 CMakeFiles/traffic_light_controller.dir/D_/dev/pico-sdk/src/common/pico_util/pheap.c.obj
                0x100013e4                ph_merge_two_pass
 .text.ph_remove_any_head
                0x10001474      0x100 CMakeFiles/traffic_light_controller.dir/D_/dev/pico-sdk/src/common/pico_util/pheap.c.obj
 .text.ph_remove_head
                0x10001574      0x104 CMakeFiles/traffic_light_controller.dir/D_/dev/pico-sdk/src/common/pico_util/pheap.c.obj
                0x10001574                ph_remove_head
 .text.ph_remove_and_free_node
                0x10001678       0x7c CMakeFiles/traffic_light_controller.dir/D_/dev/pico-sdk/src/common/pico_util/pheap.c.obj
                0x10001678                ph_remove_and_free_node
 .text.clocks_init
                0x100016f4      0x2d0 CMakeFiles/traffic_light_controller.dir/D_/dev/pico-sdk/src/rp2_common/hardware_clocks/clocks.c.obj
                0x100016f4                clocks_init
 .text.clock_get_hz
                0x100019c4        0xc CMakeFiles/traffic_light_controller.dir/D_/dev/pico-sdk/src/rp2_common/hardware_clocks/clocks.c.obj
                0x100019c4                clock_get_hz
 .text.pll_init
                0x100019d0       0xa0 CMakeFiles/traffic_light_controller.dir/D_/dev/pico-sdk/src/rp2_common/hardware_pll/pll.c.obj
                0x100019d0                pll_init
 .text.watchdog_start_tick
                0x10001a70       0x10 CMakeFiles/traffic_light_controller.dir/D_/dev/pico-sdk/src/rp2_common/hardware_watchdog/watchdog.c.obj
                0x10001a70                watchdog_start_tick
 .text.xosc_init
                0x10001a80       0x28 CMakeFiles/traffic_light_controller.dir/D_/dev/pico-sdk/src/rp2_common/hardware_xosc/xosc.c.obj
                0x10001a80                xosc_init
 .text.runtime_init
                0x10001aa8       0xf0 CMakeFiles/traffic_light_controller.dir/D_/dev/pico-sdk/src/rp2_common/pico_runtime/runtime.c.obj
                0x10001aa8                runtime_init
 .text._exit    0x10001b98        0x4 CMakeFiles/traffic_light_controller.dir/D_/dev/pico-sdk/src/rp2_common/pico_runtime/runtime.c.obj
                0x10001b98                _exit
 .text.exit     0x10001b9c        0x8 CMakeFiles/traffic_light_controller.dir/D_/dev/pico-sdk/src/rp2_common/pico_runtime/runtime.c.obj
                0x10001b9c                exit
 .text.panic    0x10001ba4       0x30 CMakeFiles/traffic_light_controller.dir/D_/dev/pico-sdk/src/rp2_common/pico_runtime/runtime.c.obj
                0x10001ba4                panic
 .text.hard_assertion_failure
                0x10001bd4        0xc CMakeFiles/traffic_light_controller.dir/D_/dev/pico-sdk/src/rp2_common/pico_runtime/runtime.c.obj
                0x10001bd4                hard_assertion_failure
 .text._out_char
                0x10001be0       0x10 CMakeFiles/traffic_light_controller.dir/D_/dev/pico-sdk/src/rp2_common/pico_printf/printf.c.obj
 .text.weak_raw_vprintf
                0x10001bf0       0x30 CMakeFiles/traffic_light_controller.dir/D_/dev/pico-sdk/src/rp2_common/pico_printf/printf.c.obj
                0x10001bf0                weak_raw_vprintf
 .text          0x10001c20       0x10 CMakeFiles/traffic_light_controller.dir/D_/dev/pico-sdk/src/rp2_common/pico_bit_ops/bit_ops_aeabi.S.obj
 .text.rom_func_lookup
                0x10001c30       0x10 CMakeFiles/traffic_light_controller.dir/D_/dev/pico-sdk/src/rp2_common/pico_bootrom/bootrom.c.obj
                0x10001c30                rom_func_lookup
 .text.rom_data_lookup
                0x10001c40       0x10 CMakeFiles/traffic_light_controller.dir/D_/dev/pico-sdk/src/rp2_common/pico_bootrom/bootrom.c.obj
                0x10001c40                rom_data_lookup
 .text.rom_funcs_lookup
                0x10001c50       0x44 CMakeFiles/traffic_light_controller.dir/D_/dev/pico-sdk/src/rp2_common/pico_bootrom/bootrom.c.obj
                0x10001c50                rom_funcs_lookup
 .text.__wrap___aeabi_uidiv
                0x10001c94       0x4c CMakeFiles/traffic_light_controller.dir/D_/dev/pico-sdk/src/rp2_common/pico_divider/divider.S.obj
                0x10001c94                __wrap___aeabi_uidiv
                0x10001c94                __wrap___aeabi_uidivmod
                0x10001c94                div_u32u32
                0x10001c94                divmod_u32u32
                0x10001c9c                divmod_u32u32_unsafe
                0x10001cc4                divmod_u32u32_savestate
 .text.__wrap___aeabi_darithmetic
                0x10001ce0       0x60 CMakeFiles/traffic_light_controller.dir/D_/dev/pico-sdk/src/rp2_common/pico_double/double_aeabi.S.obj
                0x10001ce0                __wrap___aeabi_drsub
                0x10001ce6                __wrap___aeabi_dsub
                0x10001cf0                __wrap___aeabi_dadd
                0x10001cfa                __wrap___aeabi_ddiv
                0x10001d2e                __wrap___aeabi_dmul
 .text.__wrap___aeabi_i2d
                0x10001d40       0x38 CMakeFiles/traffic_light_controller.dir/D_/dev/pico-sdk/src/rp2_common/pico_double/double_aeabi.S.obj
                0x10001d40                __wrap___aeabi_ui2d
                0x10001d48                __wrap___aeabi_i2d
 .text.__wrap___aeabi_d2f
                0x10001d78       0x10 CMakeFiles/traffic_light_controller.dir/D_/dev/pico-sdk/src/rp2_common/pico_double/double_aeabi.S.obj
                0x10001d78                __wrap___aeabi_d2f
 .text.missing_double_func_shim
                0x10001d88        0xc CMakeFiles/traffic_light_controller.dir/D_/dev/pico-sdk/src/rp2_common/pico_double/double_init_rom.c.obj
 .text.__aeabi_double_init
                0x10001d94       0x98 CMakeFiles/traffic_light_controller.dir/D_/dev/pico-sdk/src/rp2_common/pico_double/double_init_rom.c.obj
                0x10001d94                __aeabi_double_init
 .text.double_table_shim_on_use_helper
                0x10001e2c       0x2c CMakeFiles/traffic_light_controller.dir/D_/dev/pico-sdk/src/rp2_common/pico_double/double_v1_rom_shim.S.obj
                0x10001e2c                double_table_shim_on_use_helper
 .text.__wrap___aeabi_farithmetic
                0x10001e58       0x48 CMakeFiles/traffic_light_controller.dir/D_/dev/pico-sdk/src/rp2_common/pico_float/float_aeabi.S.obj
                0x10001e58                __wrap___aeabi_frsub
                0x10001e5e                __wrap___aeabi_fsub
                0x10001e64                __wrap___aeabi_fadd
                0x10001e6a                __wrap___aeabi_fdiv
                0x10001e92                __wrap___aeabi_fmul
 .text.__wrap___aeabi_ui2f
                0x10001ea0        0xa CMakeFiles/traffic_light_controller.dir/D_/dev/pico-sdk/src/rp2_common/pico_float/float_aeabi.S.obj
                0x10001ea0                __wrap___aeabi_ui2f
 *fill*         0x10001eaa        0x2 
 .text.__wrap___aeabi_i2f
                0x10001eac       0x44 CMakeFiles/traffic_light_controller.dir/D_/dev/pico-sdk/src/rp2_common/pico_float/float_aeabi.S.obj
                0x10001eac                __wrap___aeabi_i2f
 .text.__wrap___aeabi_f2uiz
                0x10001ef0        0xc CMakeFiles/traffic_light_controller.dir/D_/dev/pico-sdk/src/rp2_common/pico_float/float_aeabi.S.obj
                0x10001ef0                __wrap___aeabi_f2uiz
 .text.missing_float_func_shim
                0x10001efc        0xc CMakeFiles/traffic_light_controller.dir/D_/dev/pico-sdk/src/rp2_common/pico_float/float_init_rom.c.obj
 .text.__aeabi_float_init
                0x10001f08       0x5c CMakeFiles/traffic_light_controller.dir/D_/dev/pico-sdk/src/rp2_common/pico_float/float_init_rom.c.obj
                0x10001f08                __aeabi_float_init
 .text          0x10001f64       0x10 CMakeFiles/traffic_light_controller.dir/D_/dev/pico-sdk/src/rp2_common/pico_mem_ops/mem_ops_aeabi.S.obj
                0x10001f64                __aeabi_mem_init
 .text.memset   0x10001f74        0xc CMakeFiles/traffic_light_controller.dir/D_/dev/pico-sdk/src/rp2_common/pico_mem_ops/mem_ops_aeabi.S.obj
                0x10001f74                __wrap_memset
 .text.memcpy   0x10001f80        0xc CMakeFiles/traffic_light_controller.dir/D_/dev/pico-sdk/src/rp2_common/pico_mem_ops/mem_ops_aeabi.S.obj
                0x10001f80                __wrap_memcpy
                0x10001f80                __wrap___aeabi_memcpy
 .text.stdio_out_chars_no_crlf
                0x10001f8c       0x10 CMakeFiles/traffic_light_controller.dir/D_/dev/pico-sdk/src/rp2_common/pico_stdio/stdio.c.obj
 .text.stdio_out_chars_crlf
                0x10001f9c       0xb4 CMakeFiles/traffic_light_controller.dir/D_/dev/pico-sdk/src/rp2_common/pico_stdio/stdio.c.obj
 .text.stdio_put_string.isra.0
                0x10002050       0xfc CMakeFiles/traffic_light_controller.dir/D_/dev/pico-sdk/src/rp2_common/pico_stdio/stdio.c.obj
 .text.__wrap_putchar
                0x1000214c       0x98 CMakeFiles/traffic_light_controller.dir/D_/dev/pico-sdk/src/rp2_common/pico_stdio/stdio.c.obj
                0x1000214c                __wrap_putchar
 .text.__wrap_puts
                0x100021e4       0x3c CMakeFiles/traffic_light_controller.dir/D_/dev/pico-sdk/src/rp2_common/pico_stdio/stdio.c.obj
                0x100021e4                __wrap_puts
 .text.startup._retrieve_unique_id_on_boot
                0x10002220       0x10 CMakeFiles/traffic_light_controller.dir/D_/dev/pico-sdk/src/rp2_common/pico_unique_id/unique_id.c.obj
 .text.flash_get_unique_id
                0x10002230       0x40 CMakeFiles/traffic_light_controller.dir/D_/dev/pico-sdk/src/rp2_common/hardware_flash/flash.c.obj
                0x10002230                flash_get_unique_id
 .text.pio_claim_unused_sm
                0x10002270       0x3c CMakeFiles/traffic_light_controller.dir/D_/dev/pico-sdk/src/rp2_common/hardware_pio/pio.c.obj
                0x10002270                pio_claim_unused_sm
 .text.pio_can_add_program
                0x100022ac       0x68 CMakeFiles/traffic_light_controller.dir/D_/dev/pico-sdk/src/rp2_common/hardware_pio/pio.c.obj
                0x100022ac                pio_can_add_program
 .text.pio_add_program
                0x10002314       0xc8 CMakeFiles/traffic_light_controller.dir/D_/dev/pico-sdk/src/rp2_common/hardware_pio/pio.c.obj
                0x10002314                pio_add_program
 .text.pio_sm_set_consecutive_pindirs
                0x100023dc       0xb0 CMakeFiles/traffic_light_controller.dir/D_/dev/pico-sdk/src/rp2_common/hardware_pio/pio.c.obj
                0x100023dc                pio_sm_set_consecutive_pindirs
 .text.pio_sm_init
                0x1000248c       0x8c CMakeFiles/traffic_light_controller.dir/D_/dev/pico-sdk/src/rp2_common/hardware_pio/pio.c.obj
                0x1000248c                pio_sm_init
 .text.strlen   0x10002518       0x5c d:/dev/arm102~1.10/bin/../lib/gcc/arm-none-eabi/10.3.1/../../../../arm-none-eabi/lib/thumb/v6-m/nofp\libc.a(lib_a-strlen-stub.o)
                0x10002518                strlen
 *(.fini)
 .fini          0x10002574        0x4 d:/dev/arm102~1.10/bin/../lib/gcc/arm-none-eabi/10.3.1/thumb/v6-m/nofp/crti.o
                0x10002574                _fini
 .fini.__stub   0x10002578       0x40 linker stubs
 *crtbegin.o(.ctors)
 *crtbegin?.o(.ctors)
 *(EXCLUDE_FILE(*crtend.o *crtend?.o) .ctors)
 *(SORT_BY_NAME(.ctors.*))
 *(.ctors)
 *crtbegin.o(.dtors)
 *crtbegin?.o(.dtors)
 *(EXCLUDE_FILE(*crtend.o *crtend?.o) .dtors)
 *(SORT_BY_NAME(.dtors.*))
 *(.dtors)
 *(.eh_frame*)
 .eh_frame      0x100025b8        0x0 d:/dev/arm102~1.10/bin/../lib/gcc/arm-none-eabi/10.3.1/thumb/v6-m/nofp/crtbegin.o
                0x100025b8                . = ALIGN (0x4)

.glue_7         0x100025b8        0x0
 .glue_7        0x100025b8        0x0 linker stubs

.glue_7t        0x100025b8        0x0
 .glue_7t       0x100025b8        0x0 linker stubs

.vfp11_veneer   0x100025b8        0x0
 .vfp11_veneer  0x100025b8        0x0 linker stubs

.v4_bx          0x100025b8        0x0
 .v4_bx         0x100025b8        0x0 linker stubs

.iplt           0x100025b8        0x0
 .iplt          0x100025b8        0x0 d:/dev/arm102~1.10/bin/../lib/gcc/arm-none-eabi/10.3.1/thumb/v6-m/nofp/crtbegin.o

.rodata         0x100025b8      0x148
 *(EXCLUDE_FILE(*libm.a: *libc.a:*lib_a-mem*.o *libgcc.a:) .rodata*)
 .rodata.ir_receiver_program
                0x100025b8        0x6 CMakeFiles/traffic_light_controller.dir/traffic_light_controller.c.obj
 *fill*         0x100025be        0x2 
 .rodata.ir_receiver_program_instructions
                0x100025c0       0x12 CMakeFiles/traffic_light_controller.dir/traffic_light_controller.c.obj
 *fill*         0x100025d2        0x2 
 .rodata.light_controller_program
                0x100025d4        0x6 CMakeFiles/traffic_light_controller.dir/traffic_light_controller.c.obj
 *fill*         0x100025da        0x2 
 .rodata.light_controller_program_instructions
                0x100025dc        0x6 CMakeFiles/traffic_light_controller.dir/traffic_light_controller.c.obj
 *fill*         0x100025e2        0x2 
 .rodata.hardware_alarm_claim.str1.4
                0x100025e4       0x22 CMakeFiles/traffic_light_controller.dir/D_/dev/pico-sdk/src/rp2_common/hardware_timer/timer.c.obj
 *fill*         0x10002606        0x2 
 .rodata.panic.str1.4
                0x10002608       0x12 CMakeFiles/traffic_light_controller.dir/D_/dev/pico-sdk/src/rp2_common/pico_runtime/runtime.c.obj
 *fill*         0x1000261a        0x2 
 .rodata.hard_assertion_failure.str1.4
                0x1000261c        0xc CMakeFiles/traffic_light_controller.dir/D_/dev/pico-sdk/src/rp2_common/pico_runtime/runtime.c.obj
 .rodata.missing_double_func_shim.str1.4
                0x10002628       0x18 CMakeFiles/traffic_light_controller.dir/D_/dev/pico-sdk/src/rp2_common/pico_double/double_init_rom.c.obj
 .rodata.missing_float_func_shim.str1.4
                0x10002640       0x18 CMakeFiles/traffic_light_controller.dir/D_/dev/pico-sdk/src/rp2_common/pico_float/float_init_rom.c.obj
                                  0x1 (size before relaxing)
 .rodata.str1.4
                0x10002640       0x60 CMakeFiles/traffic_light_controller.dir/D_/dev/pico-sdk/src/rp2_common/pico_standard_link/binary_info.c.obj
 .rodata.__bi_44
                0x100026a0        0xc CMakeFiles/traffic_light_controller.dir/D_/dev/pico-sdk/src/rp2_common/pico_standard_link/binary_info.c.obj
 .rodata.__bi_75
                0x100026ac        0xc CMakeFiles/traffic_light_controller.dir/D_/dev/pico-sdk/src/rp2_common/pico_standard_link/binary_info.c.obj
 .rodata.__bi_81
                0x100026b8        0xc CMakeFiles/traffic_light_controller.dir/D_/dev/pico-sdk/src/rp2_common/pico_standard_link/binary_info.c.obj
 .rodata.crlf_str.0
                0x100026c4        0x2 CMakeFiles/traffic_light_controller.dir/D_/dev/pico-sdk/src/rp2_common/pico_stdio/stdio.c.obj
 *fill*         0x100026c6        0x2 
 .rodata.pio_claim_unused_sm.str1.4
                0x100026c8       0x24 CMakeFiles/traffic_light_controller.dir/D_/dev/pico-sdk/src/rp2_common/hardware_pio/pio.c.obj
 .rodata.pio_add_program.str1.4
                0x100026ec       0x11 CMakeFiles/traffic_light_controller.dir/D_/dev/pico-sdk/src/rp2_common/hardware_pio/pio.c.obj
                0x10002700                . = ALIGN (0x4)
 *fill*         0x100026fd        0x3 
 *(SORT_BY_ALIGNMENT(SORT_BY_NAME(.flashdata*)))
                0x10002700                . = ALIGN (0x4)

.ARM.extab
 *(.ARM.extab* .gnu.linkonce.armextab.*)
                0x10002700                __exidx_start = .

.ARM.exidx
 *(.ARM.exidx* .gnu.linkonce.armexidx.*)
                0x10002700                __exidx_end = .
                0x10002700                . = ALIGN (0x4)
                0x10002700                __binary_info_start = .

.binary_info    0x10002700       0x1c
 *(.binary_info.keep.*)
 .binary_info.keep.__bi_ptr22
                0x10002700        0x4 CMakeFiles/traffic_light_controller.dir/D_/dev/pico-sdk/src/rp2_common/pico_standard_link/binary_info.c.obj
 .binary_info.keep.__bi_ptr30
                0x10002704        0x4 CMakeFiles/traffic_light_controller.dir/D_/dev/pico-sdk/src/rp2_common/pico_standard_link/binary_info.c.obj
 .binary_info.keep.__bi_ptr38
                0x10002708        0x4 CMakeFiles/traffic_light_controller.dir/D_/dev/pico-sdk/src/rp2_common/pico_standard_link/binary_info.c.obj
 .binary_info.keep.__bi_ptr44
                0x1000270c        0x4 CMakeFiles/traffic_light_controller.dir/D_/dev/pico-sdk/src/rp2_common/pico_standard_link/binary_info.c.obj
 .binary_info.keep.__bi_ptr50
                0x10002710        0x4 CMakeFiles/traffic_light_controller.dir/D_/dev/pico-sdk/src/rp2_common/pico_standard_link/binary_info.c.obj
 .binary_info.keep.__bi_ptr75
                0x10002714        0x4 CMakeFiles/traffic_light_controller.dir/D_/dev/pico-sdk/src/rp2_common/pico_standard_link/binary_info.c.obj
 .binary_info.keep.__bi_ptr81
                0x10002718        0x4 CMakeFiles/traffic_light_controller.dir/D_/dev/pico-sdk/src/rp2_common/pico_standard_link/binary_info.c.obj
 *(.binary_info.*)
                0x1000271c                __binary_info_end = .

.rel.dyn        0x1000271c        0x0
 .rel.iplt      0x1000271c        0x0 d:/dev/arm102~1.10/bin/../lib/gcc/arm-none-eabi/10.3.1/thumb/v6-m/nofp/crtbegin.o
                0x1000271c                . = ALIGN (0x4)

.ram_vector_table
                0x20000000       0xc0
 *(.ram_vector_table)
 .ram_vector_table
                0x20000000       0xc0 CMakeFiles/traffic_light_controller.dir/D_/dev/pico-sdk/src/rp2_common/pico_runtime/runtime.c.obj
                0x20000000                ram_vector_table

.data           0x200000c0      0x2d0 load address 0x1000271c
                0x200000c0                __data_start__ = .
 *(vtable)
 *(.time_critical*)
 .time_critical.mutex_try_enter_block_until
                0x200000c0       0x9c CMakeFiles/traffic_light_controller.dir/D_/dev/pico-sdk/src/common/pico_sync/mutex.c.obj
                0x200000c0                mutex_try_enter_block_until
 .time_critical.mutex_exit
                0x2000015c       0x28 CMakeFiles/traffic_light_controller.dir/D_/dev/pico-sdk/src/common/pico_sync/mutex.c.obj
                0x2000015c                mutex_exit
 .time_critical.flash_init_boot2_copyout
                0x20000184       0x30 CMakeFiles/traffic_light_controller.dir/D_/dev/pico-sdk/src/rp2_common/hardware_flash/flash.c.obj
 .time_critical.flash_enable_xip_via_boot2
                0x200001b4       0x10 CMakeFiles/traffic_light_controller.dir/D_/dev/pico-sdk/src/rp2_common/hardware_flash/flash.c.obj
 .time_critical.flash_cs_force
                0x200001c4       0x38 CMakeFiles/traffic_light_controller.dir/D_/dev/pico-sdk/src/rp2_common/hardware_flash/flash.c.obj
 .time_critical.flash_do_cmd
                0x200001fc       0xc4 CMakeFiles/traffic_light_controller.dir/D_/dev/pico-sdk/src/rp2_common/hardware_flash/flash.c.obj
                0x200001fc                flash_do_cmd
 *(.text*)
 .text          0x200002c0        0x4 d:/dev/arm102~1.10/bin/../lib/gcc/arm-none-eabi/10.3.1/thumb/v6-m/nofp\libgcc.a(_dvmd_tls.o)
                0x200002c0                __aeabi_idiv0
                0x200002c0                __aeabi_ldiv0
 *fill*         0x200002c4        0x4 
 .text.__stub   0x200002c8       0x10 linker stubs
                0x200002d8                . = ALIGN (0x4)
 *(.rodata*)
                0x200002d8                . = ALIGN (0x4)
 *(.data*)
 .data.striped_spin_lock_num
                0x200002d8        0x1 CMakeFiles/traffic_light_controller.dir/D_/dev/pico-sdk/src/rp2_common/hardware_sync/sync.c.obj
 *fill*         0x200002d9        0x3 
 .data          0x200002dc       0x48 CMakeFiles/traffic_light_controller.dir/D_/dev/pico-sdk/src/rp2_common/hardware_irq/irq_handler_chain.S.obj
                0x200002dc                irq_handler_chain_slots
                0x2000030c                irq_handler_chain_first_slot
                0x20000316                irq_handler_chain_remove_tail
 .data.default_alarm_pool
                0x20000324       0x18 CMakeFiles/traffic_light_controller.dir/D_/dev/pico-sdk/src/common/pico_time/time.c.obj
 .data.default_alarm_pool_heap
                0x2000033c       0x10 CMakeFiles/traffic_light_controller.dir/D_/dev/pico-sdk/src/common/pico_time/time.c.obj
 *fill*         0x2000034c        0x4 
 .data.aeabi_bits_funcs
                0x20000350       0x10 CMakeFiles/traffic_light_controller.dir/D_/dev/pico-sdk/src/rp2_common/pico_bit_ops/bit_ops_aeabi.S.obj
                0x20000350                aeabi_bits_funcs
                0x20000360                aeabi_bits_funcs_end
 .data.aeabi_mem_funcs
                0x20000360       0x10 CMakeFiles/traffic_light_controller.dir/D_/dev/pico-sdk/src/rp2_common/pico_mem_ops/mem_ops_aeabi.S.obj
                0x20000360                aeabi_mem_funcs
                0x20000370                aeabi_mem_funcs_end
                0x20000370                . = ALIGN (0x4)
 *(.after_data.*)
                0x20000370                . = ALIGN (0x4)
                0x20000370                PROVIDE (__mutex_array_start = .)
 *(SORT_BY_NAME(.mutex_array.*))
 *(.mutex_array)
 .mutex_array   0x20000370        0x8 CMakeFiles/traffic_light_controller.dir/D_/dev/pico-sdk/src/rp2_common/pico_stdio/stdio.c.obj
                0x20000378                PROVIDE (__mutex_array_end = .)
                0x20000378                . = ALIGN (0x4)
                0x20000378                PROVIDE (__preinit_array_start = .)
 *(SORT_BY_NAME(.preinit_array.*))
 .preinit_array.00001
                0x20000378        0x4 CMakeFiles/traffic_light_controller.dir/D_/dev/pico-sdk/src/rp2_common/pico_mem_ops/mem_ops_aeabi.S.obj
 .preinit_array.00010
                0x2000037c        0x4 CMakeFiles/traffic_light_controller.dir/D_/dev/pico-sdk/src/rp2_common/pico_bit_ops/bit_ops_aeabi.S.obj
 .preinit_array.00020
                0x20000380        0x4 CMakeFiles/traffic_light_controller.dir/D_/dev/pico-sdk/src/rp2_common/pico_double/double_aeabi.S.obj
 .preinit_array.00020
                0x20000384        0x4 CMakeFiles/traffic_light_controller.dir/D_/dev/pico-sdk/src/rp2_common/pico_float/float_aeabi.S.obj
 *(.preinit_array)
                0x20000388                PROVIDE (__preinit_array_end = .)
                0x20000388                . = ALIGN (0x4)
                0x20000388                PROVIDE (__init_array_start = .)
 *(SORT_BY_NAME(.init_array.*))
 *(.init_array)
 .init_array    0x20000388        0x4 d:/dev/arm102~1.10/bin/../lib/gcc/arm-none-eabi/10.3.1/thumb/v6-m/nofp/crtbegin.o
 .init_array    0x2000038c        0x4 CMakeFiles/traffic_light_controller.dir/D_/dev/pico-sdk/src/rp2_common/pico_unique_id/unique_id.c.obj
                0x20000390                PROVIDE (__init_array_end = .)
                0x20000390                . = ALIGN (0x4)
                [!provide]                PROVIDE (__fini_array_start = .)
 *(SORT_BY_NAME(.fini_array.*))
 *(.fini_array)
                [!provide]                PROVIDE (__fini_array_end = .)
 *(.jcr)
                0x20000390                . = ALIGN (0x4)
                0x20000390                __data_end__ = .
                0x1000271c                __etext = LOADADDR (.data)

.igot.plt       0x20000390        0x0 load address 0x100029ec
 .igot.plt      0x20000390        0x0 d:/dev/arm102~1.10/bin/../lib/gcc/arm-none-eabi/10.3.1/thumb/v6-m/nofp/crtbegin.o

.uninitialized_data
                0x20000390        0x0 load address 0x100029ec
                0x20000390                . = ALIGN (0x4)
 *(.uninitialized_data*)

.scratch_x      0x20040000        0x0 load address 0x100029ec
                0x20040000                __scratch_x_start__ = .
 *(.scratch_x.*)
                0x20040000                . = ALIGN (0x4)
                0x20040000                __scratch_x_end__ = .
                0x100029ec                __scratch_x_source__ = LOADADDR (.scratch_x)

.scratch_y      0x20041000        0x0 load address 0x100029ec
                0x20041000                __scratch_y_start__ = .
 *(.scratch_y.*)
                0x20041000                . = ALIGN (0x4)
                0x20041000                __scratch_y_end__ = .
                0x100029ec                __scratch_y_source__ = LOADADDR (.scratch_y)

.bss            0x20000390      0x4e0
                0x20000390                . = ALIGN (0x4)
                0x20000390                __bss_start__ = .
 *(SORT_BY_ALIGNMENT(SORT_BY_NAME(.bss*)))
 .bss.default_alarm_pool_entries
                0x20000390      0x100 CMakeFiles/traffic_light_controller.dir/D_/dev/pico-sdk/src/common/pico_time/time.c.obj
 .bss.sd_table  0x20000490      0x100 CMakeFiles/traffic_light_controller.dir/D_/dev/pico-sdk/src/rp2_common/pico_double/double_init_rom.c.obj
                0x20000490                sd_table
 .bss           0x20000590       0x1c d:/dev/arm102~1.10/bin/../lib/gcc/arm-none-eabi/10.3.1/thumb/v6-m/nofp/crtbegin.o
 .bss._used_instruction_space
                0x200005ac        0x8 CMakeFiles/traffic_light_controller.dir/D_/dev/pico-sdk/src/rp2_common/hardware_pio/pio.c.obj
 .bss.alarm_callbacks
                0x200005b4       0x10 CMakeFiles/traffic_light_controller.dir/D_/dev/pico-sdk/src/rp2_common/hardware_timer/timer.c.obj
 .bss.boot2_copyout
                0x200005c4      0x100 CMakeFiles/traffic_light_controller.dir/D_/dev/pico-sdk/src/rp2_common/hardware_flash/flash.c.obj
 .bss.configured_freq
                0x200006c4       0x28 CMakeFiles/traffic_light_controller.dir/D_/dev/pico-sdk/src/rp2_common/hardware_clocks/clocks.c.obj
 .bss.default_alarm_pool_entry_ids_high
                0x200006ec       0x10 CMakeFiles/traffic_light_controller.dir/D_/dev/pico-sdk/src/common/pico_time/time.c.obj
 .bss.default_alarm_pool_heap_nodes
                0x200006fc       0x30 CMakeFiles/traffic_light_controller.dir/D_/dev/pico-sdk/src/common/pico_time/time.c.obj
 .bss.drivers   0x2000072c        0x4 CMakeFiles/traffic_light_controller.dir/D_/dev/pico-sdk/src/rp2_common/pico_stdio/stdio.c.obj
 .bss.filter    0x20000730        0x4 CMakeFiles/traffic_light_controller.dir/D_/dev/pico-sdk/src/rp2_common/pico_stdio/stdio.c.obj
 .bss.lazy_vsnprintf
                0x20000734        0x4 CMakeFiles/traffic_light_controller.dir/D_/dev/pico-sdk/src/rp2_common/pico_printf/printf.c.obj
 .bss.pools     0x20000738       0x10 CMakeFiles/traffic_light_controller.dir/D_/dev/pico-sdk/src/common/pico_time/time.c.obj
 .bss.retrieved_id
                0x20000748        0x8 CMakeFiles/traffic_light_controller.dir/D_/dev/pico-sdk/src/rp2_common/pico_unique_id/unique_id.c.obj
 .bss.sf_clz_func
                0x20000750        0x4 CMakeFiles/traffic_light_controller.dir/D_/dev/pico-sdk/src/rp2_common/pico_double/double_init_rom.c.obj
                0x20000750                sf_clz_func
 .bss.sf_table  0x20000754      0x100 CMakeFiles/traffic_light_controller.dir/D_/dev/pico-sdk/src/rp2_common/pico_float/float_init_rom.c.obj
                0x20000754                sf_table
 .bss.sleep_notifier
                0x20000854        0x4 CMakeFiles/traffic_light_controller.dir/D_/dev/pico-sdk/src/common/pico_time/time.c.obj
 .bss.target_hi
                0x20000858       0x10 CMakeFiles/traffic_light_controller.dir/D_/dev/pico-sdk/src/rp2_common/hardware_timer/timer.c.obj
 .bss.boot2_copyout_valid
                0x20000868        0x1 CMakeFiles/traffic_light_controller.dir/D_/dev/pico-sdk/src/rp2_common/hardware_flash/flash.c.obj
 .bss.claimed   0x20000869        0x1 CMakeFiles/traffic_light_controller.dir/D_/dev/pico-sdk/src/rp2_common/hardware_timer/timer.c.obj
 .bss.claimed   0x2000086a        0x1 CMakeFiles/traffic_light_controller.dir/D_/dev/pico-sdk/src/rp2_common/hardware_pio/pio.c.obj
 .bss.irq_hander_chain_free_slot_head
                0x2000086b        0x1 CMakeFiles/traffic_light_controller.dir/D_/dev/pico-sdk/src/rp2_common/hardware_irq/irq.c.obj
 .bss.timer_callbacks_pending
                0x2000086c        0x1 CMakeFiles/traffic_light_controller.dir/D_/dev/pico-sdk/src/rp2_common/hardware_timer/timer.c.obj
 *(COMMON)
                0x20000870                . = ALIGN (0x4)
 *fill*         0x2000086d        0x3 
                0x20000870                __bss_end__ = .

.heap           0x20000870      0x800
                0x20000870                __end__ = .
                0x20000870                end = __end__
 *(.heap*)
 .heap          0x20000870      0x800 CMakeFiles/traffic_light_controller.dir/D_/dev/pico-sdk/src/rp2_common/pico_standard_link/crt0.S.obj
                0x20001070                __HeapLimit = .

.stack1_dummy   0x20040000        0x0
 *(.stack1*)

.stack_dummy    0x20041000      0x800
 *(.stack*)
 .stack         0x20041000      0x800 CMakeFiles/traffic_light_controller.dir/D_/dev/pico-sdk/src/rp2_common/pico_standard_link/crt0.S.obj

.flash_end      0x100029ec        0x0
                0x100029ec                PROVIDE (__flash_binary_end = .)
                0x20040000                __StackLimit = (ORIGIN (RAM) + LENGTH (RAM))
                0x20041000                __StackOneTop = (ORIGIN (SCRATCH_X) + LENGTH (SCRATCH_X))
                0x20042000                __StackTop = (ORIGIN (SCRATCH_Y) + LENGTH (SCRATCH_Y))
                0x20041000                __StackOneBottom = (__StackOneTop - SIZEOF (.stack1_dummy))
                0x20041800                __StackBottom = (__StackTop - SIZEOF (.stack_dummy))
                0x20042000                PROVIDE (__stack = __StackTop)
                0x00000001                ASSERT ((__StackLimit >= __HeapLimit), region RAM overflowed)
                0x00000001                ASSERT (((__binary_info_header_end - __logical_binary_start) <= 0x100), Binary info must be in first 256 bytes of the binary)
LOAD CMakeFiles/traffic_light_controller.dir/traffic_light_controller.c.obj
LOAD CMakeFiles/traffic_light_controller.dir/D_/dev/pico-sdk/src/rp2_common/pico_stdlib/stdlib.c.obj
LOAD CMakeFiles/traffic_light_controller.dir/D_/dev/pico-sdk/src/rp2_common/hardware_gpio/gpio.c.obj
LOAD CMakeFiles/traffic_light_controller.dir/D_/dev/pico-sdk/src/rp2_common/pico_platform/platform.c.obj
LOAD CMakeFiles/traffic_light_controller.dir/D_/dev/pico-sdk/src/rp2_common/hardware_claim/claim.c.obj
LOAD CMakeFiles/traffic_light_controller.dir/D_/dev/pico-sdk/src/rp2_common/hardware_sync/sync.c.obj
LOAD CMakeFiles/traffic_light_controller.dir/D_/dev/pico-sdk/src/rp2_common/hardware_irq/irq.c.obj
LOAD CMakeFiles/traffic_light_controller.dir/D_/dev/pico-sdk/src/rp2_common/hardware_irq/irq_handler_chain.S.obj
LOAD CMakeFiles/traffic_light_controller.dir/D_/dev/pico-sdk/src/common/pico_sync/sem.c.obj
LOAD CMakeFiles/traffic_light_controller.dir/D_/dev/pico-sdk/src/common/pico_sync/lock_core.c.obj
LOAD CMakeFiles/traffic_light_controller.dir/D_/dev/pico-sdk/src/common/pico_sync/mutex.c.obj
LOAD CMakeFiles/traffic_light_controller.dir/D_/dev/pico-sdk/src/common/pico_sync/critical_section.c.obj
LOAD CMakeFiles/traffic_light_controller.dir/D_/dev/pico-sdk/src/common/pico_time/time.c.obj
LOAD CMakeFiles/traffic_light_controller.dir/D_/dev/pico-sdk/src/common/pico_time/timeout_helper.c.obj
LOAD CMakeFiles/traffic_light_controller.dir/D_/dev/pico-sdk/src/rp2_common/hardware_timer/timer.c.obj
LOAD CMakeFiles/traffic_light_controller.dir/D_/dev/pico-sdk/src/common/pico_util/datetime.c.obj
LOAD CMakeFiles/traffic_light_controller.dir/D_/dev/pico-sdk/src/common/pico_util/pheap.c.obj
LOAD CMakeFiles/traffic_light_controller.dir/D_/dev/pico-sdk/src/common/pico_util/queue.c.obj
LOAD CMakeFiles/traffic_light_controller.dir/D_/dev/pico-sdk/src/rp2_common/hardware_uart/uart.c.obj
LOAD CMakeFiles/traffic_light_controller.dir/D_/dev/pico-sdk/src/rp2_common/hardware_clocks/clocks.c.obj
LOAD CMakeFiles/traffic_light_controller.dir/D_/dev/pico-sdk/src/rp2_common/hardware_pll/pll.c.obj
LOAD CMakeFiles/traffic_light_controller.dir/D_/dev/pico-sdk/src/rp2_common/hardware_vreg/vreg.c.obj
LOAD CMakeFiles/traffic_light_controller.dir/D_/dev/pico-sdk/src/rp2_common/hardware_watchdog/watchdog.c.obj
LOAD CMakeFiles/traffic_light_controller.dir/D_/dev/pico-sdk/src/rp2_common/hardware_xosc/xosc.c.obj
LOAD CMakeFiles/traffic_light_controller.dir/D_/dev/pico-sdk/src/rp2_common/hardware_divider/divider.S.obj
LOAD CMakeFiles/traffic_light_controller.dir/D_/dev/pico-sdk/src/rp2_common/pico_runtime/runtime.c.obj
LOAD CMakeFiles/traffic_light_controller.dir/D_/dev/pico-sdk/src/rp2_common/pico_printf/printf.c.obj
LOAD CMakeFiles/traffic_light_controller.dir/D_/dev/pico-sdk/src/rp2_common/pico_bit_ops/bit_ops_aeabi.S.obj
LOAD CMakeFiles/traffic_light_controller.dir/D_/dev/pico-sdk/src/rp2_common/pico_bootrom/bootrom.c.obj
LOAD CMakeFiles/traffic_light_controller.dir/D_/dev/pico-sdk/src/rp2_common/pico_divider/divider.S.obj
LOAD CMakeFiles/traffic_light_controller.dir/D_/dev/pico-sdk/src/rp2_common/pico_double/double_aeabi.S.obj
LOAD CMakeFiles/traffic_light_controller.dir/D_/dev/pico-sdk/src/rp2_common/pico_double/double_init_rom.c.obj
LOAD CMakeFiles/traffic_light_controller.dir/D_/dev/pico-sdk/src/rp2_common/pico_double/double_math.c.obj
LOAD CMakeFiles/traffic_light_controller.dir/D_/dev/pico-sdk/src/rp2_common/pico_double/double_v1_rom_shim.S.obj
LOAD CMakeFiles/traffic_light_controller.dir/D_/dev/pico-sdk/src/rp2_common/pico_int64_ops/pico_int64_ops_aeabi.S.obj
LOAD CMakeFiles/traffic_light_controller.dir/D_/dev/pico-sdk/src/rp2_common/pico_float/float_aeabi.S.obj
LOAD CMakeFiles/traffic_light_controller.dir/D_/dev/pico-sdk/src/rp2_common/pico_float/float_init_rom.c.obj
LOAD CMakeFiles/traffic_light_controller.dir/D_/dev/pico-sdk/src/rp2_common/pico_float/float_math.c.obj
LOAD CMakeFiles/traffic_light_controller.dir/D_/dev/pico-sdk/src/rp2_common/pico_float/float_v1_rom_shim.S.obj
LOAD CMakeFiles/traffic_light_controller.dir/D_/dev/pico-sdk/src/rp2_common/pico_malloc/pico_malloc.c.obj
LOAD CMakeFiles/traffic_light_controller.dir/D_/dev/pico-sdk/src/rp2_common/pico_mem_ops/mem_ops_aeabi.S.obj
LOAD CMakeFiles/traffic_light_controller.dir/D_/dev/pico-sdk/src/rp2_common/pico_standard_link/crt0.S.obj
LOAD CMakeFiles/traffic_light_controller.dir/D_/dev/pico-sdk/src/rp2_common/pico_standard_link/new_delete.cpp.obj
LOAD CMakeFiles/traffic_light_controller.dir/D_/dev/pico-sdk/src/rp2_common/pico_standard_link/binary_info.c.obj
LOAD CMakeFiles/traffic_light_controller.dir/D_/dev/pico-sdk/src/rp2_common/pico_stdio/stdio.c.obj
LOAD CMakeFiles/traffic_light_controller.dir/D_/dev/pico-sdk/src/rp2_common/pico_stdio_usb/reset_interface.c.obj
LOAD CMakeFiles/traffic_light_controller.dir/D_/dev/pico-sdk/src/rp2_common/pico_stdio_usb/stdio_usb.c.obj
LOAD CMakeFiles/traffic_light_controller.dir/D_/dev/pico-sdk/src/rp2_common/pico_stdio_usb/stdio_usb_descriptors.c.obj
LOAD CMakeFiles/traffic_light_controller.dir/D_/dev/pico-sdk/src/rp2_common/pico_unique_id/unique_id.c.obj
LOAD CMakeFiles/traffic_light_controller.dir/D_/dev/pico-sdk/src/rp2_common/hardware_flash/flash.c.obj
LOAD CMakeFiles/traffic_light_controller.dir/D_/dev/pico-sdk/lib/tinyusb/src/portable/raspberrypi/rp2040/dcd_rp2040.c.obj
LOAD CMakeFiles/traffic_light_controller.dir/D_/dev/pico-sdk/lib/tinyusb/src/portable/raspberrypi/rp2040/rp2040_usb.c.obj
LOAD CMakeFiles/traffic_light_controller.dir/D_/dev/pico-sdk/lib/tinyusb/src/device/usbd.c.obj
LOAD CMakeFiles/traffic_light_controller.dir/D_/dev/pico-sdk/lib/tinyusb/src/device/usbd_control.c.obj
LOAD CMakeFiles/traffic_light_controller.dir/D_/dev/pico-sdk/lib/tinyusb/src/class/audio/audio_device.c.obj
LOAD CMakeFiles/traffic_light_controller.dir/D_/dev/pico-sdk/lib/tinyusb/src/class/cdc/cdc_device.c.obj
LOAD CMakeFiles/traffic_light_controller.dir/D_/dev/pico-sdk/lib/tinyusb/src/class/dfu/dfu_device.c.obj
LOAD CMakeFiles/traffic_light_controller.dir/D_/dev/pico-sdk/lib/tinyusb/src/class/dfu/dfu_rt_device.c.obj
LOAD CMakeFiles/traffic_light_controller.dir/D_/dev/pico-sdk/lib/tinyusb/src/class/hid/hid_device.c.obj
LOAD CMakeFiles/traffic_light_controller.dir/D_/dev/pico-sdk/lib/tinyusb/src/class/midi/midi_device.c.obj
LOAD CMakeFiles/traffic_light_controller.dir/D_/dev/pico-sdk/lib/tinyusb/src/class/msc/msc_device.c.obj
LOAD CMakeFiles/traffic_light_controller.dir/D_/dev/pico-sdk/lib/tinyusb/src/class/net/ecm_rndis_device.c.obj
LOAD CMakeFiles/traffic_light_controller.dir/D_/dev/pico-sdk/lib/tinyusb/src/class/net/ncm_device.c.obj
LOAD CMakeFiles/traffic_light_controller.dir/D_/dev/pico-sdk/lib/tinyusb/src/class/usbtmc/usbtmc_device.c.obj
LOAD CMakeFiles/traffic_light_controller.dir/D_/dev/pico-sdk/lib/tinyusb/src/class/vendor/vendor_device.c.obj
LOAD CMakeFiles/traffic_light_controller.dir/D_/dev/pico-sdk/lib/tinyusb/src/class/video/video_device.c.obj
LOAD CMakeFiles/traffic_light_controller.dir/D_/dev/pico-sdk/lib/tinyusb/src/portable/raspberrypi/pio_usb/dcd_pio_usb.c.obj
LOAD CMakeFiles/traffic_light_controller.dir/D_/dev/pico-sdk/lib/tinyusb/src/tusb.c.obj
LOAD CMakeFiles/traffic_light_controller.dir/D_/dev/pico-sdk/lib/tinyusb/src/common/tusb_fifo.c.obj
LOAD CMakeFiles/traffic_light_controller.dir/D_/dev/pico-sdk/src/rp2_common/pico_fix/rp2040_usb_device_enumeration/rp2040_usb_device_enumeration.c.obj
LOAD CMakeFiles/traffic_light_controller.dir/D_/dev/pico-sdk/src/rp2_common/hardware_pio/pio.c.obj
LOAD C:\Users\xanda\AppData\Local\Temp\cclLXTzi.o
LOAD d:/dev/arm102~1.10/bin/../lib/gcc/arm-none-eabi/10.3.1/../../../../arm-none-eabi/lib/thumb/v6-m/nofp\libstdc++.a
LOAD d:/dev/arm102~1.10/bin/../lib/gcc/arm-none-eabi/10.3.1/../../../../arm-none-eabi/lib/thumb/v6-m/nofp\libm.a
START GROUP
LOAD d:/dev/arm102~1.10/bin/../lib/gcc/arm-none-eabi/10.3.1/thumb/v6-m/nofp\libgcc.a
LOAD d:/dev/arm102~1.10/bin/../lib/gcc/arm-none-eabi/10.3.1/../../../../arm-none-eabi/lib/thumb/v6-m/nofp\libc.a
END GROUP
START GROUP
LOAD d:/dev/arm102~1.10/bin/../lib/gcc/arm-none-eabi/10.3.1/thumb/v6-m/nofp\libgcc.a
LOAD d:/dev/arm102~1.10/bin/../lib/gcc/arm-none-eabi/10.3.1/../../../../arm-none-eabi/lib/thumb/v6-m/nofp\libc.a
LOAD d:/dev/arm102~1.10/bin/../lib/gcc/arm-none-eabi/10.3.1/../../../../arm-none-eabi/lib/thumb/v6-m/nofp\libnosys.a
END GROUP
LOAD d:/dev/arm102~1.10/bin/../lib/gcc/arm-none-eabi/10.3.1/thumb/v6-m/nofp/crtend.o
LOAD d:/dev/arm102~1.10/bin/../lib/gcc/arm-none-eabi/10.3.1/thumb/v6-m/nofp/crtn.o
OUTPUT(traffic_light_controller.elf elf32-littlearm)
LOAD linker stubs

.ARM.attributes
                0x00000000       0x28
 .ARM.attributes
                0x00000000       0x1e d:/dev/arm102~1.10/bin/../lib/gcc/arm-none-eabi/10.3.1/thumb/v6-m/nofp/crti.o
 .ARM.attributes
                0x0000001e       0x2c d:/dev/arm102~1.10/bin/../lib/gcc/arm-none-eabi/10.3.1/thumb/v6-m/nofp/crtbegin.o
 .ARM.attributes
                0x0000004a       0x2c CMakeFiles/traffic_light_controller.dir/traffic_light_controller.c.obj
 .ARM.attributes
                0x00000076       0x2c CMakeFiles/traffic_light_controller.dir/D_/dev/pico-sdk/src/rp2_common/hardware_gpio/gpio.c.obj
 .ARM.attributes
                0x000000a2       0x2c CMakeFiles/traffic_light_controller.dir/D_/dev/pico-sdk/src/rp2_common/pico_platform/platform.c.obj
 .ARM.attributes
                0x000000ce       0x2c CMakeFiles/traffic_light_controller.dir/D_/dev/pico-sdk/src/rp2_common/hardware_claim/claim.c.obj
 .ARM.attributes
                0x000000fa       0x2c CMakeFiles/traffic_light_controller.dir/D_/dev/pico-sdk/src/rp2_common/hardware_sync/sync.c.obj
 .ARM.attributes
                0x00000126       0x2c CMakeFiles/traffic_light_controller.dir/D_/dev/pico-sdk/src/rp2_common/hardware_irq/irq.c.obj
 .ARM.attributes
                0x00000152       0x22 CMakeFiles/traffic_light_controller.dir/D_/dev/pico-sdk/src/rp2_common/hardware_irq/irq_handler_chain.S.obj
 .ARM.attributes
                0x00000174       0x2c CMakeFiles/traffic_light_controller.dir/D_/dev/pico-sdk/src/common/pico_sync/lock_core.c.obj
 .ARM.attributes
                0x000001a0       0x2c CMakeFiles/traffic_light_controller.dir/D_/dev/pico-sdk/src/common/pico_sync/mutex.c.obj
 .ARM.attributes
                0x000001cc       0x2c CMakeFiles/traffic_light_controller.dir/D_/dev/pico-sdk/src/common/pico_time/time.c.obj
 .ARM.attributes
                0x000001f8       0x2c CMakeFiles/traffic_light_controller.dir/D_/dev/pico-sdk/src/rp2_common/hardware_timer/timer.c.obj
 .ARM.attributes
                0x00000224       0x2c CMakeFiles/traffic_light_controller.dir/D_/dev/pico-sdk/src/common/pico_util/pheap.c.obj
 .ARM.attributes
                0x00000250       0x2c CMakeFiles/traffic_light_controller.dir/D_/dev/pico-sdk/src/rp2_common/hardware_clocks/clocks.c.obj
 .ARM.attributes
                0x0000027c       0x2c CMakeFiles/traffic_light_controller.dir/D_/dev/pico-sdk/src/rp2_common/hardware_pll/pll.c.obj
 .ARM.attributes
                0x000002a8       0x2c CMakeFiles/traffic_light_controller.dir/D_/dev/pico-sdk/src/rp2_common/hardware_watchdog/watchdog.c.obj
 .ARM.attributes
                0x000002d4       0x2c CMakeFiles/traffic_light_controller.dir/D_/dev/pico-sdk/src/rp2_common/hardware_xosc/xosc.c.obj
 .ARM.attributes
                0x00000300       0x2c CMakeFiles/traffic_light_controller.dir/D_/dev/pico-sdk/src/rp2_common/pico_runtime/runtime.c.obj
 .ARM.attributes
                0x0000032c       0x2c CMakeFiles/traffic_light_controller.dir/D_/dev/pico-sdk/src/rp2_common/pico_printf/printf.c.obj
 .ARM.attributes
                0x00000358       0x22 CMakeFiles/traffic_light_controller.dir/D_/dev/pico-sdk/src/rp2_common/pico_bit_ops/bit_ops_aeabi.S.obj
 .ARM.attributes
                0x0000037a       0x2c CMakeFiles/traffic_light_controller.dir/D_/dev/pico-sdk/src/rp2_common/pico_bootrom/bootrom.c.obj
 .ARM.attributes
                0x000003a6       0x22 CMakeFiles/traffic_light_controller.dir/D_/dev/pico-sdk/src/rp2_common/pico_divider/divider.S.obj
 .ARM.attributes
                0x000003c8       0x22 CMakeFiles/traffic_light_controller.dir/D_/dev/pico-sdk/src/rp2_common/pico_double/double_aeabi.S.obj
 .ARM.attributes
                0x000003ea       0x2c CMakeFiles/traffic_light_controller.dir/D_/dev/pico-sdk/src/rp2_common/pico_double/double_init_rom.c.obj
 .ARM.attributes
                0x00000416       0x22 CMakeFiles/traffic_light_controller.dir/D_/dev/pico-sdk/src/rp2_common/pico_double/double_v1_rom_shim.S.obj
 .ARM.attributes
                0x00000438       0x22 CMakeFiles/traffic_light_controller.dir/D_/dev/pico-sdk/src/rp2_common/pico_float/float_aeabi.S.obj
 .ARM.attributes
                0x0000045a       0x2c CMakeFiles/traffic_light_controller.dir/D_/dev/pico-sdk/src/rp2_common/pico_float/float_init_rom.c.obj
 .ARM.attributes
                0x00000486       0x22 CMakeFiles/traffic_light_controller.dir/D_/dev/pico-sdk/src/rp2_common/pico_mem_ops/mem_ops_aeabi.S.obj
 .ARM.attributes
                0x000004a8       0x22 CMakeFiles/traffic_light_controller.dir/D_/dev/pico-sdk/src/rp2_common/pico_standard_link/crt0.S.obj
 .ARM.attributes
                0x000004ca       0x2c CMakeFiles/traffic_light_controller.dir/D_/dev/pico-sdk/src/rp2_common/pico_standard_link/binary_info.c.obj
 .ARM.attributes
                0x000004f6       0x2c CMakeFiles/traffic_light_controller.dir/D_/dev/pico-sdk/src/rp2_common/pico_stdio/stdio.c.obj
 .ARM.attributes
                0x00000522       0x2c CMakeFiles/traffic_light_controller.dir/D_/dev/pico-sdk/src/rp2_common/pico_unique_id/unique_id.c.obj
 .ARM.attributes
                0x0000054e       0x2c CMakeFiles/traffic_light_controller.dir/D_/dev/pico-sdk/src/rp2_common/hardware_flash/flash.c.obj
 .ARM.attributes
                0x0000057a       0x2c CMakeFiles/traffic_light_controller.dir/D_/dev/pico-sdk/src/rp2_common/hardware_pio/pio.c.obj
 .ARM.attributes
                0x000005a6       0x22 C:\Users\xanda\AppData\Local\Temp\cclLXTzi.o
 .ARM.attributes
                0x000005c8       0x1e d:/dev/arm102~1.10/bin/../lib/gcc/arm-none-eabi/10.3.1/thumb/v6-m/nofp\libgcc.a(_dvmd_tls.o)
 .ARM.attributes
                0x000005e6       0x2c d:/dev/arm102~1.10/bin/../lib/gcc/arm-none-eabi/10.3.1/../../../../arm-none-eabi/lib/thumb/v6-m/nofp\libc.a(lib_a-strlen-stub.o)

.comment        0x00000000       0x49
 .comment       0x00000000       0x49 CMakeFiles/traffic_light_controller.dir/traffic_light_controller.c.obj
                                 0x4a (size before relaxing)
 .comment       0x00000049       0x4a CMakeFiles/traffic_light_controller.dir/D_/dev/pico-sdk/src/rp2_common/hardware_gpio/gpio.c.obj
 .comment       0x00000049       0x4a CMakeFiles/traffic_light_controller.dir/D_/dev/pico-sdk/src/rp2_common/pico_platform/platform.c.obj
 .comment       0x00000049       0x4a CMakeFiles/traffic_light_controller.dir/D_/dev/pico-sdk/src/rp2_common/hardware_claim/claim.c.obj
 .comment       0x00000049       0x4a CMakeFiles/traffic_light_controller.dir/D_/dev/pico-sdk/src/rp2_common/hardware_sync/sync.c.obj
 .comment       0x00000049       0x4a CMakeFiles/traffic_light_controller.dir/D_/dev/pico-sdk/src/rp2_common/hardware_irq/irq.c.obj
 .comment       0x00000049       0x4a CMakeFiles/traffic_light_controller.dir/D_/dev/pico-sdk/src/common/pico_sync/lock_core.c.obj
 .comment       0x00000049       0x4a CMakeFiles/traffic_light_controller.dir/D_/dev/pico-sdk/src/common/pico_sync/mutex.c.obj
 .comment       0x00000049       0x4a CMakeFiles/traffic_light_controller.dir/D_/dev/pico-sdk/src/common/pico_time/time.c.obj
 .comment       0x00000049       0x4a CMakeFiles/traffic_light_controller.dir/D_/dev/pico-sdk/src/rp2_common/hardware_timer/timer.c.obj
 .comment       0x00000049       0x4a CMakeFiles/traffic_light_controller.dir/D_/dev/pico-sdk/src/common/pico_util/pheap.c.obj
 .comment       0x00000049       0x4a CMakeFiles/traffic_light_controller.dir/D_/dev/pico-sdk/src/rp2_common/hardware_clocks/clocks.c.obj
 .comment       0x00000049       0x4a CMakeFiles/traffic_light_controller.dir/D_/dev/pico-sdk/src/rp2_common/hardware_pll/pll.c.obj
 .comment       0x00000049       0x4a CMakeFiles/traffic_light_controller.dir/D_/dev/pico-sdk/src/rp2_common/hardware_watchdog/watchdog.c.obj
 .comment       0x00000049       0x4a CMakeFiles/traffic_light_controller.dir/D_/dev/pico-sdk/src/rp2_common/hardware_xosc/xosc.c.obj
 .comment       0x00000049       0x4a CMakeFiles/traffic_light_controller.dir/D_/dev/pico-sdk/src/rp2_common/pico_runtime/runtime.c.obj
 .comment       0x00000049       0x4a CMakeFiles/traffic_light_controller.dir/D_/dev/pico-sdk/src/rp2_common/pico_printf/printf.c.obj
 .comment       0x00000049       0x4a CMakeFiles/traffic_light_controller.dir/D_/dev/pico-sdk/src/rp2_common/pico_bootrom/bootrom.c.obj
 .comment       0x00000049       0x4a CMakeFiles/traffic_light_controller.dir/D_/dev/pico-sdk/src/rp2_common/pico_double/double_init_rom.c.obj
 .comment       0x00000049       0x4a CMakeFiles/traffic_light_controller.dir/D_/dev/pico-sdk/src/rp2_common/pico_float/float_init_rom.c.obj
 .comment       0x00000049       0x4a CMakeFiles/traffic_light_controller.dir/D_/dev/pico-sdk/src/rp2_common/pico_standard_link/binary_info.c.obj
 .comment       0x00000049       0x4a CMakeFiles/traffic_light_controller.dir/D_/dev/pico-sdk/src/rp2_common/pico_stdio/stdio.c.obj
 .comment       0x00000049       0x4a CMakeFiles/traffic_light_controller.dir/D_/dev/pico-sdk/src/rp2_common/pico_unique_id/unique_id.c.obj
 .comment       0x00000049       0x4a CMakeFiles/traffic_light_controller.dir/D_/dev/pico-sdk/src/rp2_common/hardware_flash/flash.c.obj
 .comment       0x00000049       0x4a CMakeFiles/traffic_light_controller.dir/D_/dev/pico-sdk/src/rp2_common/hardware_pio/pio.c.obj

.debug_frame    0x00000000       0x28
 .debug_frame   0x00000000       0x28 d:/dev/arm102~1.10/bin/../lib/gcc/arm-none-eabi/10.3.1/../../../../arm-none-eabi/lib/thumb/v6-m/nofp\libc.a(lib_a-strlen-stub.o)
